- 첫 우분투 로그인 뜨면 대기
- 다음으로 화면이 멈추면 엔터
- 초기 아이디 비밀번호 ubuntu
- 그담 현재 비밀번호(ubuntu)-변경할 비밀번호 x2

# 인터넷 설정
```
sudo su #root 로 사용자 전환
cd /etc/netplan
ls -여기 뭐있지 화긴
nano 50-cloud-init.yaml 편집
```
```
network:
    ethernets:
        eth0:
            dhcp4: true
            optional: true
    wifis:
        wlan0:
            dhcp4: true
            optional: true
            access-points:
                "pigeon":
                    password: "99999999"
    version: 2
```
- 공백의 공간은 스페이스 4번
컨트롤x +sift y +enter

- 수정한 yaml 적용
```
sudo netplan generate
sudo netplan apply
```

ifconfig

#시간 변경
```
sudo dpkg-reconfigure tzdata
```
-  asia -> seoul

- 우분투 업데이트
```
sudo apt-get install update
sudo apt-get upgrade
```

- 원격접속을 위한 ssh설치
```
sudo apt-get install ssh
```   

- 재부팅시 키보드 동작 x

- PC로 넘어가서 putty 프로그램을 사용하여 ssh 연결

# server에서 desktop설치
```
sudo apt-get update

sudo apt-get install tasksel -y
tasksel 

- 스페이스바와tab 을 통한 선택 ok
```


 - 방법 2
 ```
 sudo apt-get install ubuntu-desktop
 startx
 ```



 # ver.2
- ssh로 접속 후 
-  변경가능 대륙을 확인하기 위해 아래 코드 입력
```
ls /usr/share/zoneinfo/
```
- 서울로 변경
```
ubuntu@ubuntu:~$ sudo ln -sf /usr/share/zoneinfo/Asia/Seoul /etc/localtime
```
- 확인
```
date
```
- 용량확보(남은 메모리 모두 쓰기위해 resize하는 과정)
```
ubuntu@ubuntu:~$ sudo fdisk /dev/mmcblk0

Welcome to fdisk (util-linux 2.31.1).
Changes will remain in memory only, until you decide to write them.
Be careful before using the write command.


Command (m for help): p
Disk /dev/mmcblk0: 119.1 GiB, 127865454592 bytes, 249737216 sectors
Units: sectors of 1 * 512 = 512 bytes
Sector size (logical/physical): 512 bytes / 512 bytes
I/O size (minimum/optimal): 512 bytes / 512 bytes
Disklabel type: dos
Disk identifier: 0xda84cd12

Device         Boot  Start       End   Sectors   Size Id Type
/dev/mmcblk0p1 *      2048    526335    524288   256M  c W95 FAT32 (LBA)
/dev/mmcblk0p2      526336 249737182 249210847 118.9G 83 Linux

Command (m for help): d
Partition number (1,2, default 2): 2

Partition 2 has been deleted.

Command (m for help): n
Partition type
   p   primary (1 primary, 0 extended, 3 free)
   e   extended (container for logical partitions)
Select (default p): p
Partition number (2-4, default 2): 2
First sector (526336-249737215, default 526336):
Last sector, +sectors or +size{K,M,G,T,P} (526336-249737215, default 249737215):

Created a new partition 2 of type 'Linux' and of size 118.9 GiB.
Partition #2 contains a ext4 signature.

Do you want to remove the signature? [Y]es/[N]o: y

The signature will be removed by a write command.

Command (m for help): w
The partition table has been altered.
Syncing disks.

ubuntu@ubuntu:~$
```
- reboot
- resize2f
```
ubuntu@ubuntu:~$ sudo resize2fs /dev/mmcblk0p2
resize2fs 1.44.1 (24-Mar-2018)
The filesystem is already 31151360 (4k) blocks long.  Nothing to do!

ubuntu@ubuntu:~$
ubuntu@ubuntu:~$ sudo fdisk -l
Disk /dev/mmcblk0: 119.1 GiB, 127865454592 bytes, 249737216 sectors
Units: sectors of 1 * 512 = 512 bytes
Sector size (logical/physical): 512 bytes / 512 bytes
I/O size (minimum/optimal): 512 bytes / 512 bytes
Disklabel type: dos
Disk identifier: 0xda84cd12

Device         Boot  Start       End   Sectors   Size Id Type
/dev/mmcblk0p1 *      2048    526335    524288   256M  c W95 FAT32 (LBA)
/dev/mmcblk0p2      526336 249737215 249210880 118.9G 83 Linux
ubuntu@ubuntu:~$
```

-  desktop 설치시 kubuntu나 lubuntu를 설치하기위해서는 ubuntu 를 먼저 설치 
```
sudo apt-get install ubuntu-desktop
sudo apt-get install kubuntu-desktop
sudo apt-get install lubuntu-desktop
```

- 원격 데스크톱 설정
```
sudo apt-get -y install xrdp
```
- 파일 수정
```
sudo nano /etc/xrdp/xrdp.ini
```
- 아래내용 추가
```
encrypt_level=high
```
- 다음으로 방화벽 열어주기
```
sudo ufw allow 3389/tcp
```
- polkit 설정파일 생성
```
sudo nano /etc/polkit-1/localauthority.conf.d/02-allow-colord.conf
```
- 다음내용 추가
```
polkit.addRule(function(action, subject) {
if ((action.id == “org.freedesktop.color-manager.create-device” || action.id == “org.freedesktop.color-manager.create-profile” || action.id == “org.freedesktop.color-manager.delete-device” || action.id == “org.freedesktop.color-manager.delete-profile” || action.id == “org.freedesktop.color-manager.modify-device” || action.id == “org.freedesktop.color-manager.modify-profile”) && subject.isInGroup(“{group}”))
{
return polkit.Result.YES;
}
});
```
- xrdp 재시작
```
sudo /etc/init.d/xrdp restart
```
- 설치 중간에 gdm3와 lightdm선택 나올시 lightdm 설치
- 원격전에 xrdp 시작
```
sudo service xrdp start
```